Analysis & Elaboration report for arm
Tue Aug 04 12:11:30 2020
Quartus Prime Version 19.1.0 Build 670 09/22/2019 SJ Lite Edition


---------------------
; Table of Contents ;
---------------------
  1. Legal Notice
  2. Analysis & Elaboration Summary
  3. Parallel Compilation
  4. Parameter Settings for User Entity Instance: top:dut|arm:arm|controller:c|condlogic:cl|flopenr:flagreg1
  5. Parameter Settings for User Entity Instance: top:dut|arm:arm|controller:c|condlogic:cl|flopenr:flagreg0
  6. Parameter Settings for User Entity Instance: top:dut|arm:arm|datapath:dp|mux2:pcmux
  7. Parameter Settings for User Entity Instance: top:dut|arm:arm|datapath:dp|flopr:pcreg
  8. Parameter Settings for User Entity Instance: top:dut|arm:arm|datapath:dp|adder:pcadd1
  9. Parameter Settings for User Entity Instance: top:dut|arm:arm|datapath:dp|adder:pcadd2
 10. Parameter Settings for User Entity Instance: top:dut|arm:arm|datapath:dp|mux2:ra1mux
 11. Parameter Settings for User Entity Instance: top:dut|arm:arm|datapath:dp|mux2:ra2mux
 12. Parameter Settings for User Entity Instance: top:dut|arm:arm|datapath:dp|mux2:resmux
 13. Parameter Settings for User Entity Instance: top:dut|arm:arm|datapath:dp|mux2:srcbmux
 14. Parameter Settings for User Entity Instance: top:dut|arm:arm|datapath:dp|unidad_logico_aritmetica:alu
 15. Parameter Settings for User Entity Instance: top:dut|arm:arm|datapath:dp|unidad_logico_aritmetica:alu|sumador:Add
 16. Parameter Settings for User Entity Instance: top:dut|arm:arm|datapath:dp|unidad_logico_aritmetica:alu|restador:Minus
 17. Parameter Settings for User Entity Instance: top:dut|arm:arm|datapath:dp|unidad_logico_aritmetica:alu|compuerta_xor:Xor
 18. Parameter Settings for User Entity Instance: top:dut|arm:arm|datapath:dp|unidad_logico_aritmetica:alu|corrimiento_circular:CirShift
 19. Parameter Settings for User Entity Instance: top:dut|arm:arm|datapath:dp|unidad_logico_aritmetica:alu|mux3a8:Mux
 20. Parameter Settings for User Entity Instance: top:dut|arm:arm|datapath:dp|unidad_logico_aritmetica:alu|flag_cero:FCero
 21. Analysis & Elaboration Settings
 22. Port Connectivity Checks: "top:dut|arm:arm|datapath:dp|unidad_logico_aritmetica:alu|mux3a8:Mux"
 23. Port Connectivity Checks: "top:dut|arm:arm|datapath:dp|unidad_logico_aritmetica:alu|sumador:Add"
 24. Port Connectivity Checks: "top:dut|arm:arm|datapath:dp|mux2:ra1mux"
 25. Port Connectivity Checks: "top:dut|arm:arm|datapath:dp|adder:pcadd2"
 26. Port Connectivity Checks: "top:dut|arm:arm|datapath:dp|adder:pcadd1"
 27. Port Connectivity Checks: "top:dut"
 28. Analysis & Elaboration Messages
 29. Analysis & Elaboration Suppressed Messages



----------------
; Legal Notice ;
----------------
Copyright (C) 2019  Intel Corporation. All rights reserved.
Your use of Intel Corporation's design tools, logic functions 
and other software and tools, and any partner logic 
functions, and any output files from any of the foregoing 
(including device programming or simulation files), and any 
associated documentation or information are expressly subject 
to the terms and conditions of the Intel Program License 
Subscription Agreement, the Intel Quartus Prime License Agreement,
the Intel FPGA IP License Agreement, or other applicable license
agreement, including, without limitation, that your use is for
the sole purpose of programming logic devices manufactured by
Intel and sold by Intel or its authorized distributors.  Please
refer to the applicable agreement for further details, at
https://fpgasoftware.intel.com/eula.



+-----------------------------------------------------------------------------+
; Analysis & Elaboration Summary                                              ;
+-------------------------------+---------------------------------------------+
; Analysis & Elaboration Status ; Successful - Tue Aug 04 12:11:30 2020       ;
; Quartus Prime Version         ; 19.1.0 Build 670 09/22/2019 SJ Lite Edition ;
; Revision Name                 ; arm                                         ;
; Top-level Entity Name         ; testbench                                   ;
; Family                        ; Cyclone V                                   ;
; Logic utilization (in ALMs)   ; N/A until Partition Merge                   ;
; Total registers               ; N/A until Partition Merge                   ;
; Total pins                    ; N/A until Partition Merge                   ;
; Total virtual pins            ; N/A until Partition Merge                   ;
; Total block memory bits       ; N/A until Partition Merge                   ;
; Total PLLs                    ; N/A until Partition Merge                   ;
; Total DLLs                    ; N/A until Partition Merge                   ;
+-------------------------------+---------------------------------------------+


+------------------------------------------+
; Parallel Compilation                     ;
+----------------------------+-------------+
; Processors                 ; Number      ;
+----------------------------+-------------+
; Number detected on machine ; 4           ;
; Maximum allowed            ; 2           ;
;                            ;             ;
; Average used               ; 1.00        ;
; Maximum used               ; 1           ;
;                            ;             ;
; Usage by Processor         ; % Time Used ;
;     Processor 1            ; 100.0%      ;
+----------------------------+-------------+


+---------------------------------------------------------------------------------------------------------+
; Parameter Settings for User Entity Instance: top:dut|arm:arm|controller:c|condlogic:cl|flopenr:flagreg1 ;
+----------------+-------+--------------------------------------------------------------------------------+
; Parameter Name ; Value ; Type                                                                           ;
+----------------+-------+--------------------------------------------------------------------------------+
; WIDTH          ; 2     ; Signed Integer                                                                 ;
+----------------+-------+--------------------------------------------------------------------------------+
Note: In order to hide this table in the UI and the text report file, please set the "Show Parameter Settings in Synthesis Report" option in "Analysis and Synthesis Settings -> More Settings" to "Off".


+---------------------------------------------------------------------------------------------------------+
; Parameter Settings for User Entity Instance: top:dut|arm:arm|controller:c|condlogic:cl|flopenr:flagreg0 ;
+----------------+-------+--------------------------------------------------------------------------------+
; Parameter Name ; Value ; Type                                                                           ;
+----------------+-------+--------------------------------------------------------------------------------+
; WIDTH          ; 2     ; Signed Integer                                                                 ;
+----------------+-------+--------------------------------------------------------------------------------+
Note: In order to hide this table in the UI and the text report file, please set the "Show Parameter Settings in Synthesis Report" option in "Analysis and Synthesis Settings -> More Settings" to "Off".


+-------------------------------------------------------------------------------------+
; Parameter Settings for User Entity Instance: top:dut|arm:arm|datapath:dp|mux2:pcmux ;
+----------------+-------+------------------------------------------------------------+
; Parameter Name ; Value ; Type                                                       ;
+----------------+-------+------------------------------------------------------------+
; WIDTH          ; 32    ; Signed Integer                                             ;
+----------------+-------+------------------------------------------------------------+
Note: In order to hide this table in the UI and the text report file, please set the "Show Parameter Settings in Synthesis Report" option in "Analysis and Synthesis Settings -> More Settings" to "Off".


+--------------------------------------------------------------------------------------+
; Parameter Settings for User Entity Instance: top:dut|arm:arm|datapath:dp|flopr:pcreg ;
+----------------+-------+-------------------------------------------------------------+
; Parameter Name ; Value ; Type                                                        ;
+----------------+-------+-------------------------------------------------------------+
; WIDTH          ; 32    ; Signed Integer                                              ;
+----------------+-------+-------------------------------------------------------------+
Note: In order to hide this table in the UI and the text report file, please set the "Show Parameter Settings in Synthesis Report" option in "Analysis and Synthesis Settings -> More Settings" to "Off".


+---------------------------------------------------------------------------------------+
; Parameter Settings for User Entity Instance: top:dut|arm:arm|datapath:dp|adder:pcadd1 ;
+----------------+-------+--------------------------------------------------------------+
; Parameter Name ; Value ; Type                                                         ;
+----------------+-------+--------------------------------------------------------------+
; WIDTH          ; 32    ; Signed Integer                                               ;
+----------------+-------+--------------------------------------------------------------+
Note: In order to hide this table in the UI and the text report file, please set the "Show Parameter Settings in Synthesis Report" option in "Analysis and Synthesis Settings -> More Settings" to "Off".


+---------------------------------------------------------------------------------------+
; Parameter Settings for User Entity Instance: top:dut|arm:arm|datapath:dp|adder:pcadd2 ;
+----------------+-------+--------------------------------------------------------------+
; Parameter Name ; Value ; Type                                                         ;
+----------------+-------+--------------------------------------------------------------+
; WIDTH          ; 32    ; Signed Integer                                               ;
+----------------+-------+--------------------------------------------------------------+
Note: In order to hide this table in the UI and the text report file, please set the "Show Parameter Settings in Synthesis Report" option in "Analysis and Synthesis Settings -> More Settings" to "Off".


+--------------------------------------------------------------------------------------+
; Parameter Settings for User Entity Instance: top:dut|arm:arm|datapath:dp|mux2:ra1mux ;
+----------------+-------+-------------------------------------------------------------+
; Parameter Name ; Value ; Type                                                        ;
+----------------+-------+-------------------------------------------------------------+
; WIDTH          ; 4     ; Signed Integer                                              ;
+----------------+-------+-------------------------------------------------------------+
Note: In order to hide this table in the UI and the text report file, please set the "Show Parameter Settings in Synthesis Report" option in "Analysis and Synthesis Settings -> More Settings" to "Off".


+--------------------------------------------------------------------------------------+
; Parameter Settings for User Entity Instance: top:dut|arm:arm|datapath:dp|mux2:ra2mux ;
+----------------+-------+-------------------------------------------------------------+
; Parameter Name ; Value ; Type                                                        ;
+----------------+-------+-------------------------------------------------------------+
; WIDTH          ; 4     ; Signed Integer                                              ;
+----------------+-------+-------------------------------------------------------------+
Note: In order to hide this table in the UI and the text report file, please set the "Show Parameter Settings in Synthesis Report" option in "Analysis and Synthesis Settings -> More Settings" to "Off".


+--------------------------------------------------------------------------------------+
; Parameter Settings for User Entity Instance: top:dut|arm:arm|datapath:dp|mux2:resmux ;
+----------------+-------+-------------------------------------------------------------+
; Parameter Name ; Value ; Type                                                        ;
+----------------+-------+-------------------------------------------------------------+
; WIDTH          ; 32    ; Signed Integer                                              ;
+----------------+-------+-------------------------------------------------------------+
Note: In order to hide this table in the UI and the text report file, please set the "Show Parameter Settings in Synthesis Report" option in "Analysis and Synthesis Settings -> More Settings" to "Off".


+---------------------------------------------------------------------------------------+
; Parameter Settings for User Entity Instance: top:dut|arm:arm|datapath:dp|mux2:srcbmux ;
+----------------+-------+--------------------------------------------------------------+
; Parameter Name ; Value ; Type                                                         ;
+----------------+-------+--------------------------------------------------------------+
; WIDTH          ; 32    ; Signed Integer                                               ;
+----------------+-------+--------------------------------------------------------------+
Note: In order to hide this table in the UI and the text report file, please set the "Show Parameter Settings in Synthesis Report" option in "Analysis and Synthesis Settings -> More Settings" to "Off".


+-------------------------------------------------------------------------------------------------------+
; Parameter Settings for User Entity Instance: top:dut|arm:arm|datapath:dp|unidad_logico_aritmetica:alu ;
+----------------+-------+------------------------------------------------------------------------------+
; Parameter Name ; Value ; Type                                                                         ;
+----------------+-------+------------------------------------------------------------------------------+
; N              ; 32    ; Signed Integer                                                               ;
+----------------+-------+------------------------------------------------------------------------------+
Note: In order to hide this table in the UI and the text report file, please set the "Show Parameter Settings in Synthesis Report" option in "Analysis and Synthesis Settings -> More Settings" to "Off".


+-------------------------------------------------------------------------------------------------------------------+
; Parameter Settings for User Entity Instance: top:dut|arm:arm|datapath:dp|unidad_logico_aritmetica:alu|sumador:Add ;
+----------------+-------+------------------------------------------------------------------------------------------+
; Parameter Name ; Value ; Type                                                                                     ;
+----------------+-------+------------------------------------------------------------------------------------------+
; N              ; 32    ; Signed Integer                                                                           ;
+----------------+-------+------------------------------------------------------------------------------------------+
Note: In order to hide this table in the UI and the text report file, please set the "Show Parameter Settings in Synthesis Report" option in "Analysis and Synthesis Settings -> More Settings" to "Off".


+----------------------------------------------------------------------------------------------------------------------+
; Parameter Settings for User Entity Instance: top:dut|arm:arm|datapath:dp|unidad_logico_aritmetica:alu|restador:Minus ;
+----------------+-------+---------------------------------------------------------------------------------------------+
; Parameter Name ; Value ; Type                                                                                        ;
+----------------+-------+---------------------------------------------------------------------------------------------+
; N              ; 32    ; Signed Integer                                                                              ;
+----------------+-------+---------------------------------------------------------------------------------------------+
Note: In order to hide this table in the UI and the text report file, please set the "Show Parameter Settings in Synthesis Report" option in "Analysis and Synthesis Settings -> More Settings" to "Off".


+-------------------------------------------------------------------------------------------------------------------------+
; Parameter Settings for User Entity Instance: top:dut|arm:arm|datapath:dp|unidad_logico_aritmetica:alu|compuerta_xor:Xor ;
+----------------+-------+------------------------------------------------------------------------------------------------+
; Parameter Name ; Value ; Type                                                                                           ;
+----------------+-------+------------------------------------------------------------------------------------------------+
; N              ; 32    ; Signed Integer                                                                                 ;
+----------------+-------+------------------------------------------------------------------------------------------------+
Note: In order to hide this table in the UI and the text report file, please set the "Show Parameter Settings in Synthesis Report" option in "Analysis and Synthesis Settings -> More Settings" to "Off".


+-------------------------------------------------------------------------------------------------------------------------------------+
; Parameter Settings for User Entity Instance: top:dut|arm:arm|datapath:dp|unidad_logico_aritmetica:alu|corrimiento_circular:CirShift ;
+----------------+-------+------------------------------------------------------------------------------------------------------------+
; Parameter Name ; Value ; Type                                                                                                       ;
+----------------+-------+------------------------------------------------------------------------------------------------------------+
; N              ; 8     ; Signed Integer                                                                                             ;
+----------------+-------+------------------------------------------------------------------------------------------------------------+
Note: In order to hide this table in the UI and the text report file, please set the "Show Parameter Settings in Synthesis Report" option in "Analysis and Synthesis Settings -> More Settings" to "Off".


+------------------------------------------------------------------------------------------------------------------+
; Parameter Settings for User Entity Instance: top:dut|arm:arm|datapath:dp|unidad_logico_aritmetica:alu|mux3a8:Mux ;
+----------------+-------+-----------------------------------------------------------------------------------------+
; Parameter Name ; Value ; Type                                                                                    ;
+----------------+-------+-----------------------------------------------------------------------------------------+
; N              ; 32    ; Signed Integer                                                                          ;
+----------------+-------+-----------------------------------------------------------------------------------------+
Note: In order to hide this table in the UI and the text report file, please set the "Show Parameter Settings in Synthesis Report" option in "Analysis and Synthesis Settings -> More Settings" to "Off".


+-----------------------------------------------------------------------------------------------------------------------+
; Parameter Settings for User Entity Instance: top:dut|arm:arm|datapath:dp|unidad_logico_aritmetica:alu|flag_cero:FCero ;
+----------------+-------+----------------------------------------------------------------------------------------------+
; Parameter Name ; Value ; Type                                                                                         ;
+----------------+-------+----------------------------------------------------------------------------------------------+
; N              ; 32    ; Signed Integer                                                                               ;
+----------------+-------+----------------------------------------------------------------------------------------------+
Note: In order to hide this table in the UI and the text report file, please set the "Show Parameter Settings in Synthesis Report" option in "Analysis and Synthesis Settings -> More Settings" to "Off".


+---------------------------------------------------------------------------------------------------------------------------+
; Analysis & Elaboration Settings                                                                                           ;
+---------------------------------------------------------------------------------+--------------------+--------------------+
; Option                                                                          ; Setting            ; Default Value      ;
+---------------------------------------------------------------------------------+--------------------+--------------------+
; Device                                                                          ; 5CEBA2F17A7        ;                    ;
; Top-level entity name                                                           ; testbench          ; arm                ;
; Family name                                                                     ; Cyclone V          ; Cyclone V          ;
; Use smart compilation                                                           ; Off                ; Off                ;
; Enable parallel Assembler and Timing Analyzer during compilation                ; On                 ; On                 ;
; Enable compact report table                                                     ; Off                ; Off                ;
; Restructure Multiplexers                                                        ; Auto               ; Auto               ;
; MLAB Add Timing Constraints For Mixed-Port Feed-Through Mode Setting Don't Care ; Off                ; Off                ;
; Create Debugging Nodes for IP Cores                                             ; Off                ; Off                ;
; Preserve fewer node names                                                       ; On                 ; On                 ;
; Intel FPGA IP Evaluation Mode                                                   ; Enable             ; Enable             ;
; Verilog Version                                                                 ; Verilog_2001       ; Verilog_2001       ;
; VHDL Version                                                                    ; VHDL_1993          ; VHDL_1993          ;
; State Machine Processing                                                        ; Auto               ; Auto               ;
; Safe State Machine                                                              ; Off                ; Off                ;
; Extract Verilog State Machines                                                  ; On                 ; On                 ;
; Extract VHDL State Machines                                                     ; On                 ; On                 ;
; Ignore Verilog initial constructs                                               ; Off                ; Off                ;
; Iteration limit for constant Verilog loops                                      ; 5000               ; 5000               ;
; Iteration limit for non-constant Verilog loops                                  ; 250                ; 250                ;
; Add Pass-Through Logic to Inferred RAMs                                         ; On                 ; On                 ;
; Infer RAMs from Raw Logic                                                       ; On                 ; On                 ;
; Parallel Synthesis                                                              ; On                 ; On                 ;
; DSP Block Balancing                                                             ; Auto               ; Auto               ;
; NOT Gate Push-Back                                                              ; On                 ; On                 ;
; Power-Up Don't Care                                                             ; On                 ; On                 ;
; Remove Redundant Logic Cells                                                    ; Off                ; Off                ;
; Remove Duplicate Registers                                                      ; On                 ; On                 ;
; Ignore CARRY Buffers                                                            ; Off                ; Off                ;
; Ignore CASCADE Buffers                                                          ; Off                ; Off                ;
; Ignore GLOBAL Buffers                                                           ; Off                ; Off                ;
; Ignore ROW GLOBAL Buffers                                                       ; Off                ; Off                ;
; Ignore LCELL Buffers                                                            ; Off                ; Off                ;
; Ignore SOFT Buffers                                                             ; On                 ; On                 ;
; Limit AHDL Integers to 32 Bits                                                  ; Off                ; Off                ;
; Optimization Technique                                                          ; Balanced           ; Balanced           ;
; Carry Chain Length                                                              ; 70                 ; 70                 ;
; Auto Carry Chains                                                               ; On                 ; On                 ;
; Auto Open-Drain Pins                                                            ; On                 ; On                 ;
; Perform WYSIWYG Primitive Resynthesis                                           ; Off                ; Off                ;
; Auto ROM Replacement                                                            ; On                 ; On                 ;
; Auto RAM Replacement                                                            ; On                 ; On                 ;
; Auto DSP Block Replacement                                                      ; On                 ; On                 ;
; Auto Shift Register Replacement                                                 ; Auto               ; Auto               ;
; Allow Shift Register Merging across Hierarchies                                 ; Auto               ; Auto               ;
; Auto Clock Enable Replacement                                                   ; On                 ; On                 ;
; Strict RAM Replacement                                                          ; Off                ; Off                ;
; Allow Synchronous Control Signals                                               ; On                 ; On                 ;
; Force Use of Synchronous Clear Signals                                          ; Off                ; Off                ;
; Auto Resource Sharing                                                           ; Off                ; Off                ;
; Allow Any RAM Size For Recognition                                              ; Off                ; Off                ;
; Allow Any ROM Size For Recognition                                              ; Off                ; Off                ;
; Allow Any Shift Register Size For Recognition                                   ; Off                ; Off                ;
; Use LogicLock Constraints during Resource Balancing                             ; On                 ; On                 ;
; Ignore translate_off and synthesis_off directives                               ; Off                ; Off                ;
; Timing-Driven Synthesis                                                         ; On                 ; On                 ;
; Report Parameter Settings                                                       ; On                 ; On                 ;
; Report Source Assignments                                                       ; On                 ; On                 ;
; Report Connectivity Checks                                                      ; On                 ; On                 ;
; Ignore Maximum Fan-Out Assignments                                              ; Off                ; Off                ;
; Synchronization Register Chain Length                                           ; 3                  ; 3                  ;
; Power Optimization During Synthesis                                             ; Normal compilation ; Normal compilation ;
; HDL message level                                                               ; Level2             ; Level2             ;
; Suppress Register Optimization Related Messages                                 ; Off                ; Off                ;
; Number of Removed Registers Reported in Synthesis Report                        ; 5000               ; 5000               ;
; Number of Swept Nodes Reported in Synthesis Report                              ; 5000               ; 5000               ;
; Number of Inverted Registers Reported in Synthesis Report                       ; 100                ; 100                ;
; Clock MUX Protection                                                            ; On                 ; On                 ;
; Auto Gated Clock Conversion                                                     ; Off                ; Off                ;
; Block Design Naming                                                             ; Auto               ; Auto               ;
; SDC constraint protection                                                       ; Off                ; Off                ;
; Synthesis Effort                                                                ; Auto               ; Auto               ;
; Shift Register Replacement - Allow Asynchronous Clear Signal                    ; On                 ; On                 ;
; Pre-Mapping Resynthesis Optimization                                            ; Off                ; Off                ;
; Analysis & Synthesis Message Level                                              ; Medium             ; Medium             ;
; Disable Register Merging Across Hierarchies                                     ; Auto               ; Auto               ;
; Resource Aware Inference For Block RAM                                          ; On                 ; On                 ;
; Automatic Parallel Synthesis                                                    ; On                 ; On                 ;
; Partial Reconfiguration Bitstream ID                                            ; Off                ; Off                ;
+---------------------------------------------------------------------------------+--------------------+--------------------+


+-------------------------------------------------------------------------------------------------+
; Port Connectivity Checks: "top:dut|arm:arm|datapath:dp|unidad_logico_aritmetica:alu|mux3a8:Mux" ;
+----------------+-------+----------+-------------------------------------------------------------+
; Port           ; Type  ; Severity ; Details                                                     ;
+----------------+-------+----------+-------------------------------------------------------------+
; result4[31..8] ; Input ; Info     ; Stuck at GND                                                ;
+----------------+-------+----------+-------------------------------------------------------------+


+--------------------------------------------------------------------------------------------------+
; Port Connectivity Checks: "top:dut|arm:arm|datapath:dp|unidad_logico_aritmetica:alu|sumador:Add" ;
+------+-------+----------+------------------------------------------------------------------------+
; Port ; Type  ; Severity ; Details                                                                ;
+------+-------+----------+------------------------------------------------------------------------+
; cin  ; Input ; Info     ; Stuck at GND                                                           ;
+------+-------+----------+------------------------------------------------------------------------+


+---------------------------------------------------------------------+
; Port Connectivity Checks: "top:dut|arm:arm|datapath:dp|mux2:ra1mux" ;
+------+-------+----------+-------------------------------------------+
; Port ; Type  ; Severity ; Details                                   ;
+------+-------+----------+-------------------------------------------+
; d1   ; Input ; Info     ; Stuck at VCC                              ;
+------+-------+----------+-------------------------------------------+


+----------------------------------------------------------------------+
; Port Connectivity Checks: "top:dut|arm:arm|datapath:dp|adder:pcadd2" ;
+----------+-------+----------+----------------------------------------+
; Port     ; Type  ; Severity ; Details                                ;
+----------+-------+----------+----------------------------------------+
; b[31..3] ; Input ; Info     ; Stuck at GND                           ;
; b[1..0]  ; Input ; Info     ; Stuck at GND                           ;
; b[2]     ; Input ; Info     ; Stuck at VCC                           ;
+----------+-------+----------+----------------------------------------+


+----------------------------------------------------------------------+
; Port Connectivity Checks: "top:dut|arm:arm|datapath:dp|adder:pcadd1" ;
+----------+-------+----------+----------------------------------------+
; Port     ; Type  ; Severity ; Details                                ;
+----------+-------+----------+----------------------------------------+
; b[31..3] ; Input ; Info     ; Stuck at GND                           ;
; b[1..0]  ; Input ; Info     ; Stuck at GND                           ;
; b[2]     ; Input ; Info     ; Stuck at VCC                           ;
+----------+-------+----------+----------------------------------------+


+---------------------------------------------------------------------------------------------------------------------+
; Port Connectivity Checks: "top:dut"                                                                                 ;
+-----------+--------+----------+-------------------------------------------------------------------------------------+
; Port      ; Type   ; Severity ; Details                                                                             ;
+-----------+--------+----------+-------------------------------------------------------------------------------------+
; clk       ; Input  ; Info     ; Stuck at GND                                                                        ;
; WriteData ; Output ; Info     ; Connected to dangling logic. Logic that only feeds a dangling port will be removed. ;
; DataAdr   ; Output ; Info     ; Connected to dangling logic. Logic that only feeds a dangling port will be removed. ;
; MemWrite  ; Output ; Info     ; Connected to dangling logic. Logic that only feeds a dangling port will be removed. ;
+-----------+--------+----------+-------------------------------------------------------------------------------------+


+---------------------------------+
; Analysis & Elaboration Messages ;
+---------------------------------+
Info: *******************************************************************
Info: Running Quartus Prime Analysis & Elaboration
    Info: Version 19.1.0 Build 670 09/22/2019 SJ Lite Edition
    Info: Processing started: Tue Aug 04 12:11:05 2020
Info: Command: quartus_map --read_settings_files=on --write_settings_files=off arm -c arm --analysis_and_elaboration
Warning (18236): Number of processors has not been specified which may cause overloading on shared machines.  Set the global assignment NUM_PARALLEL_PROCESSORS in your QSF to an appropriate value for best performance.
Info (20030): Parallel compilation is enabled and will use 2 of the 2 processors detected
Info (12021): Found 1 design units, including 1 entities, in source file modules/controller.sv
    Info (12023): Found entity 1: controller File: C:/Proyecto_Final/Decodification_ARM/Modules/controller.sv Line: 1
Info (12021): Found 1 design units, including 1 entities, in source file modules/condlogic.sv
    Info (12023): Found entity 1: condlogic File: C:/Proyecto_Final/Decodification_ARM/Modules/condlogic.sv Line: 1
Info (12021): Found 1 design units, including 1 entities, in source file modules/condcheck.sv
    Info (12023): Found entity 1: condcheck File: C:/Proyecto_Final/Decodification_ARM/Modules/condcheck.sv Line: 1
Info (12021): Found 1 design units, including 1 entities, in source file arm.sv
    Info (12023): Found entity 1: arm File: C:/Proyecto_Final/Decodification_ARM/arm.sv Line: 1
Info (12021): Found 1 design units, including 1 entities, in source file modules/mux2a4.sv
    Info (12023): Found entity 1: mux2a4 File: C:/Proyecto_Final/Decodification_ARM/Modules/mux2a4.sv Line: 1
Info (12021): Found 1 design units, including 1 entities, in source file modules/mux3a8.sv
    Info (12023): Found entity 1: mux3a8 File: C:/Proyecto_Final/Decodification_ARM/Modules/mux3a8.sv Line: 1
Info (12021): Found 1 design units, including 1 entities, in source file modules/mux1a2.sv
    Info (12023): Found entity 1: mux1a2 File: C:/Proyecto_Final/Decodification_ARM/Modules/mux1a2.sv Line: 1
Info (12021): Found 1 design units, including 1 entities, in source file alu/flags/flag_overflow.sv
    Info (12023): Found entity 1: flag_overflow File: C:/Proyecto_Final/Decodification_ARM/ALU/Flags/flag_overflow.sv Line: 1
Info (12021): Found 1 design units, including 1 entities, in source file alu/flags/flag_negativo.sv
    Info (12023): Found entity 1: flag_negativo File: C:/Proyecto_Final/Decodification_ARM/ALU/Flags/flag_negativo.sv Line: 1
Info (12021): Found 1 design units, including 1 entities, in source file alu/flags/flag_cero.sv
    Info (12023): Found entity 1: flag_cero File: C:/Proyecto_Final/Decodification_ARM/ALU/Flags/flag_cero.sv Line: 1
Info (12021): Found 1 design units, including 1 entities, in source file alu/flags/flag_carry.sv
    Info (12023): Found entity 1: flag_carry File: C:/Proyecto_Final/Decodification_ARM/ALU/Flags/flag_carry.sv Line: 1
Info (12021): Found 1 design units, including 1 entities, in source file alu/operaciones/sumador.sv
    Info (12023): Found entity 1: sumador File: C:/Proyecto_Final/Decodification_ARM/ALU/Operaciones/sumador.sv Line: 1
Info (12021): Found 1 design units, including 1 entities, in source file alu/operaciones/restador.sv
    Info (12023): Found entity 1: restador File: C:/Proyecto_Final/Decodification_ARM/ALU/Operaciones/restador.sv Line: 1
Info (12021): Found 1 design units, including 1 entities, in source file alu/operaciones/corrimiento_circular.sv
    Info (12023): Found entity 1: corrimiento_circular File: C:/Proyecto_Final/Decodification_ARM/ALU/Operaciones/corrimiento_circular.sv Line: 1
Info (12021): Found 1 design units, including 1 entities, in source file alu/operaciones/compuerta_xor.sv
    Info (12023): Found entity 1: compuerta_xor File: C:/Proyecto_Final/Decodification_ARM/ALU/Operaciones/compuerta_xor.sv Line: 1
Info (12021): Found 1 design units, including 1 entities, in source file alu/unidad_logico_aritmetica.sv
    Info (12023): Found entity 1: unidad_logico_aritmetica File: C:/Proyecto_Final/Decodification_ARM/ALU/unidad_logico_aritmetica.sv Line: 1
Info (12021): Found 1 design units, including 1 entities, in source file tests/overflow_flag_test.sv
    Info (12023): Found entity 1: overflow_flag_test File: C:/Proyecto_Final/Decodification_ARM/Tests/overflow_flag_test.sv Line: 1
Info (12021): Found 1 design units, including 1 entities, in source file tests/corrimiento_circular_test.sv
    Info (12023): Found entity 1: corrimiento_circular_test File: C:/Proyecto_Final/Decodification_ARM/Tests/corrimiento_circular_test.sv Line: 1
Info (12021): Found 1 design units, including 1 entities, in source file tests/unidad_logico_aritmetica_test.sv
    Info (12023): Found entity 1: unidad_logico_aritmetica_test File: C:/Proyecto_Final/Decodification_ARM/Tests/unidad_logico_aritmetica_test.sv Line: 1
Info (12021): Found 1 design units, including 1 entities, in source file modules/register.sv
    Info (12023): Found entity 1: register File: C:/Proyecto_Final/Decodification_ARM/Modules/register.sv Line: 1
Info (12021): Found 1 design units, including 1 entities, in source file modules/extender.sv
    Info (12023): Found entity 1: extender File: C:/Proyecto_Final/Decodification_ARM/Modules/extender.sv Line: 1
Info (12021): Found 1 design units, including 1 entities, in source file modules/decoder.sv
    Info (12023): Found entity 1: decoder File: C:/Proyecto_Final/Decodification_ARM/Modules/decoder.sv Line: 1
Info (12021): Found 1 design units, including 1 entities, in source file modules/chipset.sv
    Info (12023): Found entity 1: chipset File: C:/Proyecto_Final/Decodification_ARM/Modules/chipset.sv Line: 1
Info (12021): Found 1 design units, including 1 entities, in source file tests/chipset_tb.sv
    Info (12023): Found entity 1: chipset_tb File: C:/Proyecto_Final/Decodification_ARM/Tests/chipset_tb.sv Line: 1
Info (12021): Found 1 design units, including 1 entities, in source file modules/pc_selection.sv
    Info (12023): Found entity 1: PC_selection File: C:/Proyecto_Final/Decodification_ARM/Modules/PC_selection.sv Line: 1
Info (12021): Found 1 design units, including 1 entities, in source file tests/pc_sel_test.sv
    Info (12023): Found entity 1: pc_sel_test File: C:/Proyecto_Final/Decodification_ARM/Tests/pc_sel_test.sv Line: 1
Info (12021): Found 1 design units, including 1 entities, in source file tests/instructionmem_tb.sv
    Info (12023): Found entity 1: instructionMem_tb File: C:/Proyecto_Final/Decodification_ARM/Tests/instructionMem_tb.sv Line: 1
Info (12021): Found 1 design units, including 1 entities, in source file modules/datamem.sv
    Info (12023): Found entity 1: dataMem File: C:/Proyecto_Final/Decodification_ARM/Modules/dataMem.sv Line: 1
Info (12021): Found 1 design units, including 1 entities, in source file tests/datamem_tb.sv
    Info (12023): Found entity 1: dataMem_tb File: C:/Proyecto_Final/Decodification_ARM/Tests/dataMem_tb.sv Line: 1
Info (12021): Found 1 design units, including 1 entities, in source file modules/messagemem.sv
    Info (12023): Found entity 1: messageMem File: C:/Proyecto_Final/Decodification_ARM/Modules/messageMem.sv Line: 1
Info (12021): Found 1 design units, including 1 entities, in source file modules/instructionmem.sv
    Info (12023): Found entity 1: instructionMem File: C:/Proyecto_Final/Decodification_ARM/Modules/instructionMem.sv Line: 1
Info (12021): Found 1 design units, including 1 entities, in source file modules/imem.sv
    Info (12023): Found entity 1: imem File: C:/Proyecto_Final/Decodification_ARM/Modules/imem.sv Line: 1
Info (12021): Found 1 design units, including 1 entities, in source file modules/top.sv
    Info (12023): Found entity 1: top File: C:/Proyecto_Final/Decodification_ARM/Modules/top.sv Line: 1
Info (12021): Found 1 design units, including 1 entities, in source file modules/flopenr.sv
    Info (12023): Found entity 1: flopenr File: C:/Proyecto_Final/Decodification_ARM/Modules/flopenr.sv Line: 1
Info (12021): Found 1 design units, including 1 entities, in source file modules/datapath.sv
    Info (12023): Found entity 1: datapath File: C:/Proyecto_Final/Decodification_ARM/Modules/datapath.sv Line: 1
Info (12021): Found 1 design units, including 1 entities, in source file modules/dmem.sv
    Info (12023): Found entity 1: dmem File: C:/Proyecto_Final/Decodification_ARM/Modules/dmem.sv Line: 1
Info (12021): Found 1 design units, including 1 entities, in source file modules/flopr.sv
    Info (12023): Found entity 1: flopr File: C:/Proyecto_Final/Decodification_ARM/Modules/flopr.sv Line: 1
Info (12021): Found 1 design units, including 1 entities, in source file modules/mux2.sv
    Info (12023): Found entity 1: mux2 File: C:/Proyecto_Final/Decodification_ARM/Modules/mux2.sv Line: 1
Info (12021): Found 1 design units, including 1 entities, in source file modules/regfile.sv
    Info (12023): Found entity 1: regfile File: C:/Proyecto_Final/Decodification_ARM/Modules/regfile.sv Line: 1
Info (12021): Found 1 design units, including 1 entities, in source file modules/adder.sv
    Info (12023): Found entity 1: adder File: C:/Proyecto_Final/Decodification_ARM/Modules/adder.sv Line: 1
Info (12021): Found 1 design units, including 1 entities, in source file modules/extend.sv
    Info (12023): Found entity 1: extend File: C:/Proyecto_Final/Decodification_ARM/Modules/extend.sv Line: 1
Info (12021): Found 1 design units, including 1 entities, in source file tests/testbench.sv
    Info (12023): Found entity 1: testbench File: C:/Proyecto_Final/Decodification_ARM/Tests/testbench.sv Line: 1
Info (12127): Elaborating entity "testbench" for the top level hierarchy
Warning (10175): Verilog HDL warning at testbench.sv(31): ignoring unsupported system task File: C:/Proyecto_Final/Decodification_ARM/Tests/testbench.sv Line: 31
Warning (10175): Verilog HDL warning at testbench.sv(34): ignoring unsupported system task File: C:/Proyecto_Final/Decodification_ARM/Tests/testbench.sv Line: 34
Info (12128): Elaborating entity "top" for hierarchy "top:dut" File: C:/Proyecto_Final/Decodification_ARM/Tests/testbench.sv Line: 9
Info (12128): Elaborating entity "arm" for hierarchy "top:dut|arm:arm" File: C:/Proyecto_Final/Decodification_ARM/Modules/top.sv Line: 8
Info (12128): Elaborating entity "controller" for hierarchy "top:dut|arm:arm|controller:c" File: C:/Proyecto_Final/Decodification_ARM/arm.sv Line: 16
Info (12128): Elaborating entity "decoder" for hierarchy "top:dut|arm:arm|controller:c|decoder:dec" File: C:/Proyecto_Final/Decodification_ARM/Modules/controller.sv Line: 17
Info (12128): Elaborating entity "condlogic" for hierarchy "top:dut|arm:arm|controller:c|condlogic:cl" File: C:/Proyecto_Final/Decodification_ARM/Modules/controller.sv Line: 21
Info (12128): Elaborating entity "flopenr" for hierarchy "top:dut|arm:arm|controller:c|condlogic:cl|flopenr:flagreg1" File: C:/Proyecto_Final/Decodification_ARM/Modules/condlogic.sv Line: 12
Info (12128): Elaborating entity "condcheck" for hierarchy "top:dut|arm:arm|controller:c|condlogic:cl|condcheck:cc" File: C:/Proyecto_Final/Decodification_ARM/Modules/condlogic.sv Line: 16
Info (12128): Elaborating entity "datapath" for hierarchy "top:dut|arm:arm|datapath:dp" File: C:/Proyecto_Final/Decodification_ARM/arm.sv Line: 23
Info (12128): Elaborating entity "mux2" for hierarchy "top:dut|arm:arm|datapath:dp|mux2:pcmux" File: C:/Proyecto_Final/Decodification_ARM/Modules/datapath.sv Line: 20
Info (12128): Elaborating entity "flopr" for hierarchy "top:dut|arm:arm|datapath:dp|flopr:pcreg" File: C:/Proyecto_Final/Decodification_ARM/Modules/datapath.sv Line: 21
Info (12128): Elaborating entity "adder" for hierarchy "top:dut|arm:arm|datapath:dp|adder:pcadd1" File: C:/Proyecto_Final/Decodification_ARM/Modules/datapath.sv Line: 22
Info (12128): Elaborating entity "mux2" for hierarchy "top:dut|arm:arm|datapath:dp|mux2:ra1mux" File: C:/Proyecto_Final/Decodification_ARM/Modules/datapath.sv Line: 26
Info (12128): Elaborating entity "regfile" for hierarchy "top:dut|arm:arm|datapath:dp|regfile:rf" File: C:/Proyecto_Final/Decodification_ARM/Modules/datapath.sv Line: 30
Info (12128): Elaborating entity "extend" for hierarchy "top:dut|arm:arm|datapath:dp|extend:ext" File: C:/Proyecto_Final/Decodification_ARM/Modules/datapath.sv Line: 33
Info (12128): Elaborating entity "unidad_logico_aritmetica" for hierarchy "top:dut|arm:arm|datapath:dp|unidad_logico_aritmetica:alu" File: C:/Proyecto_Final/Decodification_ARM/Modules/datapath.sv Line: 37
Info (12128): Elaborating entity "sumador" for hierarchy "top:dut|arm:arm|datapath:dp|unidad_logico_aritmetica:alu|sumador:Add" File: C:/Proyecto_Final/Decodification_ARM/ALU/unidad_logico_aritmetica.sv Line: 15
Info (12128): Elaborating entity "restador" for hierarchy "top:dut|arm:arm|datapath:dp|unidad_logico_aritmetica:alu|restador:Minus" File: C:/Proyecto_Final/Decodification_ARM/ALU/unidad_logico_aritmetica.sv Line: 16
Info (12128): Elaborating entity "compuerta_xor" for hierarchy "top:dut|arm:arm|datapath:dp|unidad_logico_aritmetica:alu|compuerta_xor:Xor" File: C:/Proyecto_Final/Decodification_ARM/ALU/unidad_logico_aritmetica.sv Line: 17
Info (12128): Elaborating entity "corrimiento_circular" for hierarchy "top:dut|arm:arm|datapath:dp|unidad_logico_aritmetica:alu|corrimiento_circular:CirShift" File: C:/Proyecto_Final/Decodification_ARM/ALU/unidad_logico_aritmetica.sv Line: 18
Info (12128): Elaborating entity "mux3a8" for hierarchy "top:dut|arm:arm|datapath:dp|unidad_logico_aritmetica:alu|mux3a8:Mux" File: C:/Proyecto_Final/Decodification_ARM/ALU/unidad_logico_aritmetica.sv Line: 20
Info (12128): Elaborating entity "flag_negativo" for hierarchy "top:dut|arm:arm|datapath:dp|unidad_logico_aritmetica:alu|flag_negativo:Fnegativo" File: C:/Proyecto_Final/Decodification_ARM/ALU/unidad_logico_aritmetica.sv Line: 22
Info (12128): Elaborating entity "flag_cero" for hierarchy "top:dut|arm:arm|datapath:dp|unidad_logico_aritmetica:alu|flag_cero:FCero" File: C:/Proyecto_Final/Decodification_ARM/ALU/unidad_logico_aritmetica.sv Line: 23
Info (12128): Elaborating entity "flag_overflow" for hierarchy "top:dut|arm:arm|datapath:dp|unidad_logico_aritmetica:alu|flag_overflow:FOverflow" File: C:/Proyecto_Final/Decodification_ARM/ALU/unidad_logico_aritmetica.sv Line: 24
Info (12128): Elaborating entity "flag_carry" for hierarchy "top:dut|arm:arm|datapath:dp|unidad_logico_aritmetica:alu|flag_carry:FCarry" File: C:/Proyecto_Final/Decodification_ARM/ALU/unidad_logico_aritmetica.sv Line: 25
Info (12128): Elaborating entity "imem" for hierarchy "top:dut|imem:imem" File: C:/Proyecto_Final/Decodification_ARM/Modules/top.sv Line: 9
Warning (10850): Verilog HDL warning at imem.sv(7): number of words (23) in memory file does not match the number of elements in the address range [0:256] File: C:/Proyecto_Final/Decodification_ARM/Modules/imem.sv Line: 7
Warning (10030): Net "RAM.data_a" at imem.sv(4) has no driver or initial value, using a default initial value '0' File: C:/Proyecto_Final/Decodification_ARM/Modules/imem.sv Line: 4
Warning (10030): Net "RAM.waddr_a" at imem.sv(4) has no driver or initial value, using a default initial value '0' File: C:/Proyecto_Final/Decodification_ARM/Modules/imem.sv Line: 4
Warning (10030): Net "RAM.we_a" at imem.sv(4) has no driver or initial value, using a default initial value '0' File: C:/Proyecto_Final/Decodification_ARM/Modules/imem.sv Line: 4
Info (12128): Elaborating entity "dmem" for hierarchy "top:dut|dmem:dmem" File: C:/Proyecto_Final/Decodification_ARM/Modules/top.sv Line: 10
Info (144001): Generated suppressed messages file C:/Proyecto_Final/Decodification_ARM/output_files/arm.map.smsg
Info: Quartus Prime Analysis & Elaboration was successful. 0 errors, 7 warnings
    Info: Peak virtual memory: 4778 megabytes
    Info: Processing ended: Tue Aug 04 12:11:30 2020
    Info: Elapsed time: 00:00:25
    Info: Total CPU time (on all processors): 00:00:37


+--------------------------------------------+
; Analysis & Elaboration Suppressed Messages ;
+--------------------------------------------+
The suppressed messages can be found in C:/Proyecto_Final/Decodification_ARM/output_files/arm.map.smsg.


